Microchip MPLAB XC8 Compiler V1.42 ()

Linker command line:

-W-3 --edf=C:\Program Files (x86)\Microchip\xc8\v1.42\dat\en_msgs.txt -cs \
  -h+dist/default/production\mplab_spi_t2.production.sym \
  --cmf=dist/default/production\mplab_spi_t2.production.cmf -z -Q16F18345 \
  -oC:\Users\zhangyic\AppData\Local\Temp\sbis.2 \
  -Mdist/default/production/mplab_spi_t2.production.map -E1 -ver=XC8 \
  -ASTACK=02021h-023efh -pstack=STACK -ACODE=00h-07FFhx4 \
  -ASTRCODE=00h-01FFFh -ASTRING=00h-0FFhx32 -ACONST=00h-0FFhx32 \
  -AENTRY=00h-0FFhx32 -ACOMMON=070h-07Fh -ABANK0=020h-06Fh \
  -ABANK1=0A0h-0EFh -ABANK2=0120h-016Fh -ABANK3=01A0h-01EFh \
  -ABANK4=0220h-026Fh -ABANK5=02A0h-02EFh -ABANK6=0320h-036Fh \
  -ABANK7=03A0h-03EFh -ABANK8=0420h-046Fh -ABANK9=04A0h-04EFh \
  -ABANK10=0520h-056Fh -ABANK11=05A0h-05EFh -ABANK12=0620h-064Fh \
  -ABIGRAM=02000h-023EFh \
  -ARAM=020h-06Fh,0A0h-0EFh,0120h-016Fh,01A0h-01EFh,0220h-026Fh,02A0h-02EFh,0320h-036Fh,03A0h-03EFh,0420h-046Fh,04A0h-04EFh,0520h-056Fh,05A0h-05EFh,0620h-064Fh \
  -AABS1=020h-07Fh,0A0h-0EFh,0120h-016Fh,01A0h-01EFh,0220h-026Fh,02A0h-02EFh,0320h-036Fh,03A0h-03EFh,0420h-046Fh,04A0h-04EFh,0520h-056Fh,05A0h-05EFh,0620h-064Fh \
  -ASFR0=00h-01Fh -ASFR1=080h-09Fh -ASFR2=0100h-011Fh -ASFR3=0180h-019Fh \
  -ASFR4=0200h-021Fh -ASFR5=0280h-029Fh -ASFR6=0300h-031Fh \
  -ASFR7=0380h-039Fh -ASFR8=0400h-041Fh -ASFR9=0480h-049Fh \
  -ASFR10=0500h-051Fh -ASFR11=0580h-059Fh -ASFR12=0600h-061Fh \
  -ASFR13=0680h-06EFh -ASFR14=0700h-076Fh -ASFR15=0780h-07EFh \
  -ASFR16=0800h-086Fh -ASFR17=0880h-08EFh -ASFR18=0900h-096Fh \
  -ASFR19=0980h-09EFh -ASFR20=0A00h-0A6Fh -ASFR21=0A80h-0AEFh \
  -ASFR22=0B00h-0B6Fh -ASFR23=0B80h-0BEFh -ASFR24=0C00h-0C6Fh \
  -ASFR25=0C80h-0CEFh -ASFR26=0D00h-0D6Fh -ASFR27=0D80h-0DEFh \
  -ASFR28=0E00h-0E6Fh -ASFR29=0E80h-0EEFh -ASFR30=0F00h-0F6Fh \
  -ASFR31=0F80h-0FEFh -preset_vec=00h,intentry,init,end_init -ppowerup=CODE \
  -pcinit=CODE -pfunctab=CODE -ACONFIG=08007h-0800Ah -pconfig=CONFIG \
  -DCONFIG=2 -AIDLOC=08000h-08003h -pidloc=IDLOC -DIDLOC=2 \
  -AEEDATA=00h-0FFh/0F000h -peeprom_data=EEDATA -DEEDATA=2 -DCODE=2 \
  -DSTRCODE=2 -DSTRING=2 -DCONST=2 -DENTRY=2 -k \
  C:\Users\zhangyic\AppData\Local\Temp\sbis.obj \
  dist/default/production\mplab_spi_t2.production.obj 

Object code version is 3.11

Machine type is 16F18345



                Name                               Link     Load   Length Selector   Space Scale
C:\Users\zhangyic\AppData\Local\Temp\sbis.obj
                end_init                              2        2        2        0       0
                reset_vec                             0        0        2        0       0
                config                             8007     8007        4    1000E       0
dist/default/production\mplab_spi_t2.production.obj
                cinit                               7FA      7FA        6      FF4       0
                text6                               6D5      6D5       1C      DAA       0
                text5                               691      691        9      D22       0
                text4                               6BD      6BD       18      D7A       0
                text3                               69A      69A        F      D34       0
                text2                               6A9      6A9       14      D52       0
                text1                               6F1      6F1       2C      DE2       0
                maintext                            71D      71D       DD      E3A       0
                cstackBANK0                          20       20       21       20       1
                cstackCOMMON                         70       70        D       70       1
                dataCOMMON                           7D       7D        1       70       1
                stringtext34                        985      985        5     1000       0
                stringtext33                        980      980        5     1000       0
                stringtext32                        97B      97B        5     1000       0
                stringtext31                        976      976        5     1000       0
                stringtext30                        971      971        5     1000       0
                stringtext29                        96B      96B        6     1000       0
                stringtext28                        965      965        6     1000       0
                stringtext27                        95F      95F        6     1000       0
                stringtext26                        958      958        7     1000       0
                stringtext25                        951      951        7     1000       0
                stringtext24                        949      949        8     1000       0
                stringtext23                        941      941        8     1000       0
                stringtext22                        939      939        8     1000       0
                stringtext21                        931      931        8     1000       0
                stringtext20                        928      928        9     1000       0
                stringtext19                        91F      91F        9     1000       0
                stringtext18                        914      914        B     1000       0
                stringtext17                        908      908        C     1000       0
                stringtext16                        8FB      8FB        D     1000       0
                stringtext15                        8ED      8ED        E     1000       0
                stringtext14                        8DF      8DF        E     1000       0
                stringtext13                        8CF      8CF       10     1000       0
                stringtext12                        8BF      8BF       10     1000       0
                stringtext11                        8AF      8AF       10     1000       0
                stringtext10                        89F      89F       10     1000       0
                stringtext9                         88F      88F       10     1000       0
                stringtext8                         87F      87F       10     1000       0
                stringtext7                         86F      86F       10     1000       0
                stringtext6                         85F      85F       10     1000       0
                stringtext5                         84F      84F       10     1000       0
                stringtext4                         83F      83F       10     1000       0
                stringtext3                         82F      82F       10     1000       0
                stringtext2                         81F      81F       10     1000       0
                stringtext1                         800      800       1F     1000       0
                idataCOMMON                         690      690        1      D20       0

TOTAL           Name                               Link     Load   Length     Space
        CLASS   STACK          

        CLASS   CODE           
                end_init                              2        2        2         0
                cinit                               7FA      7FA        6         0
                reset_vec                             0        0        2         0
                text6                               6D5      6D5       1C         0
                text5                               691      691        9         0
                text4                               6BD      6BD       18         0
                text3                               69A      69A        F         0
                text2                               6A9      6A9       14         0
                text1                               6F1      6F1       2C         0
                maintext                            71D      71D       DD         0
                idataCOMMON                         690      690        1         0

        CLASS   STRCODE        
                stringtext34                        985      985        5         0
                stringtext33                        980      980        5         0
                stringtext32                        97B      97B        5         0
                stringtext31                        976      976        5         0
                stringtext30                        971      971        5         0
                stringtext29                        96B      96B        6         0
                stringtext28                        965      965        6         0
                stringtext27                        95F      95F        6         0
                stringtext26                        958      958        7         0
                stringtext25                        951      951        7         0
                stringtext24                        949      949        8         0
                stringtext23                        941      941        8         0
                stringtext22                        939      939        8         0
                stringtext21                        931      931        8         0
                stringtext20                        928      928        9         0
                stringtext19                        91F      91F        9         0
                stringtext18                        914      914        B         0
                stringtext17                        908      908        C         0
                stringtext16                        8FB      8FB        D         0
                stringtext15                        8ED      8ED        E         0
                stringtext14                        8DF      8DF        E         0
                stringtext13                        8CF      8CF       10         0
                stringtext12                        8BF      8BF       10         0
                stringtext11                        8AF      8AF       10         0
                stringtext10                        89F      89F       10         0
                stringtext9                         88F      88F       10         0
                stringtext8                         87F      87F       10         0
                stringtext7                         86F      86F       10         0
                stringtext6                         85F      85F       10         0
                stringtext5                         84F      84F       10         0
                stringtext4                         83F      83F       10         0
                stringtext3                         82F      82F       10         0
                stringtext2                         81F      81F       10         0
                stringtext1                         800      800       1F         0

        CLASS   STRING         

        CLASS   CONST          

        CLASS   ENTRY          

        CLASS   COMMON         
                cstackCOMMON                         70       70        D         1
                dataCOMMON                           7D       7D        1         1

        CLASS   BANK0          
                cstackBANK0                          20       20       21         1

        CLASS   BANK1          

        CLASS   BANK2          

        CLASS   BANK3          

        CLASS   BANK4          

        CLASS   BANK5          

        CLASS   BANK6          

        CLASS   BANK7          

        CLASS   BANK8          

        CLASS   BANK9          

        CLASS   BANK10         

        CLASS   BANK11         

        CLASS   BANK12         

        CLASS   BIGRAM         

        CLASS   RAM            

        CLASS   ABS1           
                abs_s1                               7E       7E        2         1

        CLASS   SFR0           

        CLASS   SFR1           

        CLASS   SFR2           

        CLASS   SFR3           

        CLASS   SFR4           

        CLASS   SFR5           

        CLASS   SFR6           

        CLASS   SFR7           

        CLASS   SFR8           

        CLASS   SFR9           

        CLASS   SFR10          

        CLASS   SFR11          

        CLASS   SFR12          

        CLASS   SFR13          

        CLASS   SFR14          

        CLASS   SFR15          

        CLASS   SFR16          

        CLASS   SFR17          

        CLASS   SFR18          

        CLASS   SFR19          

        CLASS   SFR20          

        CLASS   SFR21          

        CLASS   SFR22          

        CLASS   SFR23          

        CLASS   SFR24          

        CLASS   SFR25          

        CLASS   SFR26          

        CLASS   SFR27          

        CLASS   SFR28          

        CLASS   SFR29          

        CLASS   SFR30          

        CLASS   SFR31          

        CLASS   CONFIG         
                config                             8007     8007        4         0

        CLASS   IDLOC          

        CLASS   EEDATA         

        CLASS   BANK31         

        CLASS   BANK30         

        CLASS   BANK29         

        CLASS   BANK28         

        CLASS   BANK27         

        CLASS   BANK26         

        CLASS   BANK25         

        CLASS   BANK24         

        CLASS   BANK23         

        CLASS   BANK22         

        CLASS   BANK21         

        CLASS   BANK20         

        CLASS   BANK19         

        CLASS   BANK18         

        CLASS   BANK17         

        CLASS   BANK16         

        CLASS   BANK15         

        CLASS   BANK14         

        CLASS   BANK13         



SEGMENTS        Name                           Load    Length   Top    Selector   Space  Class     Delta

                reset_vec                      000000  000004  000004         0       0  CODE        2
                cstackBANK0                    000020  000021  000041        20       1  BANK0       1
                cstackCOMMON                   000070  00000E  00007E        70       1  COMMON      1
                idataCOMMON                    000690  000001  000691       D20       0  CODE        2
                text5                          000691  000009  00069A       D22       0  CODE        2
                text3                          00069A  00000F  0006A9       D34       0  CODE        2
                text2                          0006A9  000014  0006BD       D52       0  CODE        2
                text4                          0006BD  000018  0006D5       D7A       0  CODE        2
                text6                          0006D5  00001C  0006F1       DAA       0  CODE        2
                text1                          0006F1  00002C  00071D       DE2       0  CODE        2
                maintext                       00071D  0000DD  0007FA       E3A       0  CODE        2
                cinit                          0007FA  000006  000800       FF4       0  CODE        2
                stringtext1                    000800  00018A  00098A      1000       0  STRCODE     2
                config                         008007  000004  00800B     1000E       0  CONFIG      2


UNUSED ADDRESS RANGES

        Name                Unused          Largest block    Delta
        BANK0            00041-0006F              2F           1
        BANK1            000A0-000EF              50           1
        BANK10           00520-0056F              50           1
        BANK11           005A0-005EF              50           1
        BANK12           00620-0064F              30           1
        BANK2            00120-0016F              50           1
        BANK3            001A0-001EF              50           1
        BANK4            00220-0026F              50           1
        BANK5            002A0-002EF              50           1
        BANK6            00320-0036F              50           1
        BANK7            003A0-003EF              50           1
        BANK8            00420-0046F              50           1
        BANK9            004A0-004EF              50           1
        BIGRAM           02000-023EF             3F0           1
        CODE             00004-0068F             68C           2
                         0098A-01FFF             800
        CONST            00004-0068F             100           2
                         0098A-01FFF             100
        EEDATA           0F000-0F0FF             100           2
        ENTRY            00004-0068F             100           2
                         0098A-01FFF             100
        IDLOC            08000-08003               4           2
        RAM              00041-0006F              2F           1
                         000A0-000EF              50
                         00120-0016F              50
                         001A0-001EF              50
                         00220-0026F              50
                         002A0-002EF              50
                         00320-0036F              50
                         003A0-003EF              50
                         00420-0046F              50
                         004A0-004EF              50
                         00520-0056F              50
                         005A0-005EF              50
                         00620-0064F              30
        SFR0             00000-0001F              20           1
        SFR1             00080-0009F              20           1
        SFR10            00500-0051F              20           1
        SFR11            00580-0059F              20           1
        SFR12            00600-0061F              20           1
        SFR13            00680-006EF              70           1
        SFR14            00700-0076F              70           1
        SFR15            00780-007EF              70           1
        SFR16            00800-0086F              70           1
        SFR17            00880-008EF              70           1
        SFR18            00900-0096F              70           1
        SFR19            00980-009EF              70           1
        SFR2             00100-0011F              20           1
        SFR20            00A00-00A6F              70           1
        SFR21            00A80-00AEF              70           1
        SFR22            00B00-00B6F              70           1
        SFR23            00B80-00BEF              70           1
        SFR24            00C00-00C6F              70           1
        SFR25            00C80-00CEF              70           1
        SFR26            00D00-00D6F              70           1
        SFR27            00D80-00DEF              70           1
        SFR28            00E00-00E6F              70           1
        SFR29            00E80-00EEF              70           1
        SFR3             00180-0019F              20           1
        SFR30            00F00-00F6F              70           1
        SFR31            00F80-00FEF              70           1
        SFR4             00200-0021F              20           1
        SFR5             00280-0029F              20           1
        SFR6             00300-0031F              20           1
        SFR7             00380-0039F              20           1
        SFR8             00400-0041F              20           1
        SFR9             00480-0049F              20           1
        STACK            02021-023EF             3CF           1
        STRCODE          00004-0068F             68C           2
                         0098A-01FFF            1676
        STRING           00004-0068F             100           2
                         0098A-01FFF             100

                                  Symbol Table

_PORTAbits                                         (abs)        0000C
_PORTCbits                                         (abs)        0000E
_SSP1CON1bits                                      (abs)        00215
_SSP1STATbits                                      (abs)        00214
_SSPBUF                                            (abs)        00211
_SSPCON1bits                                       (abs)        00215
_SSPSTATbits                                       (abs)        00214
_TRISAbits                                         (abs)        0008C
_TRISBbits                                         (abs)        0008D
_TRISCbits                                         (abs)        0008E
__CFG_BOREN$ON                                     (abs)        00000
__CFG_BORV$LOW                                     (abs)        00000
__CFG_CLKOUTEN$OFF                                 (abs)        00000
__CFG_CP$OFF                                       (abs)        00000
__CFG_CPD$OFF                                      (abs)        00000
__CFG_CSWEN$ON                                     (abs)        00000
__CFG_DEBUG$OFF                                    (abs)        00000
__CFG_FCMEN$ON                                     (abs)        00000
__CFG_FEXTOSC$ECH                                  (abs)        00000
__CFG_LPBOREN$OFF                                  (abs)        00000
__CFG_LVP$ON                                       (abs)        00000
__CFG_MCLRE$ON                                     (abs)        00000
__CFG_PPS1WAY$ON                                   (abs)        00000
__CFG_PWRTE$OFF                                    (abs)        00000
__CFG_RSTOSC$EXT1X                                 (abs)        00000
__CFG_STVREN$ON                                    (abs)        00000
__CFG_WDTE$ON                                      (abs)        00000
__CFG_WRT$OFF                                      (abs)        00000
__Habs1                                            abs1         00000
__Hbank0                                           bank0        00000
__Hbank1                                           bank1        00000
__Hbank10                                          bank10       00000
__Hbank11                                          bank11       00000
__Hbank12                                          bank12       00000
__Hbank13                                          bank13       00000
__Hbank14                                          bank14       00000
__Hbank15                                          bank15       00000
__Hbank16                                          bank16       00000
__Hbank17                                          bank17       00000
__Hbank18                                          bank18       00000
__Hbank19                                          bank19       00000
__Hbank2                                           bank2        00000
__Hbank20                                          bank20       00000
__Hbank21                                          bank21       00000
__Hbank22                                          bank22       00000
__Hbank23                                          bank23       00000
__Hbank24                                          bank24       00000
__Hbank25                                          bank25       00000
__Hbank26                                          bank26       00000
__Hbank27                                          bank27       00000
__Hbank28                                          bank28       00000
__Hbank29                                          bank29       00000
__Hbank3                                           bank3        00000
__Hbank30                                          bank30       00000
__Hbank31                                          bank31       00000
__Hbank4                                           bank4        00000
__Hbank5                                           bank5        00000
__Hbank6                                           bank6        00000
__Hbank7                                           bank7        00000
__Hbank8                                           bank8        00000
__Hbank9                                           bank9        00000
__Hbigram                                          bigram       00000
__Hcinit                                           cinit        00800
__Hclrtext                                         clrtext      00000
__Hcode                                            code         00000
__Hcommon                                          common       00000
__Hconfig                                          config       0800B
__HcstackBANK0                                     cstackBANK0  00000
__HcstackCOMMON                                    cstackCOMMON 00000
__HdataCOMMON                                      dataCOMMON   00000
__Heeprom_data                                     eeprom_data  00000
__Hend_init                                        end_init     00004
__Hfunctab                                         functab      00000
__HidataCOMMON                                     idataCOMMON  00000
__Hidloc                                           idloc        00000
__Hinit                                            init         00002
__Hintentry                                        intentry     00002
__Hmaintext                                        maintext     00000
__Hpowerup                                         powerup      00000
__Hram                                             ram          00000
__Hreset_vec                                       reset_vec    00002
__Hsfr0                                            sfr0         00000
__Hsfr1                                            sfr1         00000
__Hsfr10                                           sfr10        00000
__Hsfr11                                           sfr11        00000
__Hsfr12                                           sfr12        00000
__Hsfr13                                           sfr13        00000
__Hsfr14                                           sfr14        00000
__Hsfr15                                           sfr15        00000
__Hsfr16                                           sfr16        00000
__Hsfr17                                           sfr17        00000
__Hsfr18                                           sfr18        00000
__Hsfr19                                           sfr19        00000
__Hsfr2                                            sfr2         00000
__Hsfr20                                           sfr20        00000
__Hsfr21                                           sfr21        00000
__Hsfr22                                           sfr22        00000
__Hsfr23                                           sfr23        00000
__Hsfr24                                           sfr24        00000
__Hsfr25                                           sfr25        00000
__Hsfr26                                           sfr26        00000
__Hsfr27                                           sfr27        00000
__Hsfr28                                           sfr28        00000
__Hsfr29                                           sfr29        00000
__Hsfr3                                            sfr3         00000
__Hsfr30                                           sfr30        00000
__Hsfr31                                           sfr31        00000
__Hsfr4                                            sfr4         00000
__Hsfr5                                            sfr5         00000
__Hsfr6                                            sfr6         00000
__Hsfr7                                            sfr7         00000
__Hsfr8                                            sfr8         00000
__Hsfr9                                            sfr9         00000
__Hspace_0                                         (abs)        0800B
__Hspace_1                                         (abs)        0007E
__Hspace_2                                         (abs)        00000
__Hspace_3                                         (abs)        00000
__Hstack                                           stack        00000
__Hstrings                                         strings      00000
__Hstringtext1                                     stringtext1  00000
__Hstringtext10                                    stringtext10 00000
__Hstringtext11                                    stringtext11 00000
__Hstringtext12                                    stringtext12 00000
__Hstringtext13                                    stringtext13 00000
__Hstringtext14                                    stringtext14 00000
__Hstringtext15                                    stringtext15 00000
__Hstringtext16                                    stringtext16 00000
__Hstringtext17                                    stringtext17 00000
__Hstringtext18                                    stringtext18 00000
__Hstringtext19                                    stringtext19 00000
__Hstringtext2                                     stringtext2  00000
__Hstringtext20                                    stringtext20 00000
__Hstringtext21                                    stringtext21 00000
__Hstringtext22                                    stringtext22 00000
__Hstringtext23                                    stringtext23 00000
__Hstringtext24                                    stringtext24 00000
__Hstringtext25                                    stringtext25 00000
__Hstringtext26                                    stringtext26 00000
__Hstringtext27                                    stringtext27 00000
__Hstringtext28                                    stringtext28 00000
__Hstringtext29                                    stringtext29 00000
__Hstringtext3                                     stringtext3  00000
__Hstringtext30                                    stringtext30 00000
__Hstringtext31                                    stringtext31 00000
__Hstringtext32                                    stringtext32 00000
__Hstringtext33                                    stringtext33 00000
__Hstringtext34                                    stringtext34 00000
__Hstringtext4                                     stringtext4  00000
__Hstringtext5                                     stringtext5  00000
__Hstringtext6                                     stringtext6  00000
__Hstringtext7                                     stringtext7  00000
__Hstringtext8                                     stringtext8  00000
__Hstringtext9                                     stringtext9  00000
__Htext                                            text         00000
__Labs1                                            abs1         00000
__Lbank0                                           bank0        00000
__Lbank1                                           bank1        00000
__Lbank10                                          bank10       00000
__Lbank11                                          bank11       00000
__Lbank12                                          bank12       00000
__Lbank13                                          bank13       00000
__Lbank14                                          bank14       00000
__Lbank15                                          bank15       00000
__Lbank16                                          bank16       00000
__Lbank17                                          bank17       00000
__Lbank18                                          bank18       00000
__Lbank19                                          bank19       00000
__Lbank2                                           bank2        00000
__Lbank20                                          bank20       00000
__Lbank21                                          bank21       00000
__Lbank22                                          bank22       00000
__Lbank23                                          bank23       00000
__Lbank24                                          bank24       00000
__Lbank25                                          bank25       00000
__Lbank26                                          bank26       00000
__Lbank27                                          bank27       00000
__Lbank28                                          bank28       00000
__Lbank29                                          bank29       00000
__Lbank3                                           bank3        00000
__Lbank30                                          bank30       00000
__Lbank31                                          bank31       00000
__Lbank4                                           bank4        00000
__Lbank5                                           bank5        00000
__Lbank6                                           bank6        00000
__Lbank7                                           bank7        00000
__Lbank8                                           bank8        00000
__Lbank9                                           bank9        00000
__Lbigram                                          bigram       00000
__Lcinit                                           cinit        007FA
__Lclrtext                                         clrtext      00000
__Lcode                                            code         00000
__Lcommon                                          common       00000
__Lconfig                                          config       08007
__LcstackBANK0                                     cstackBANK0  00000
__LcstackCOMMON                                    cstackCOMMON 00000
__LdataCOMMON                                      dataCOMMON   00000
__Leeprom_data                                     eeprom_data  00000
__Lend_init                                        end_init     00002
__Lfunctab                                         functab      00000
__LidataCOMMON                                     idataCOMMON  00000
__Lidloc                                           idloc        00000
__Linit                                            init         00002
__Lintentry                                        intentry     00002
__Lmaintext                                        maintext     00000
__Lpowerup                                         powerup      00000
__Lram                                             ram          00000
__Lreset_vec                                       reset_vec    00000
__Lsfr0                                            sfr0         00000
__Lsfr1                                            sfr1         00000
__Lsfr10                                           sfr10        00000
__Lsfr11                                           sfr11        00000
__Lsfr12                                           sfr12        00000
__Lsfr13                                           sfr13        00000
__Lsfr14                                           sfr14        00000
__Lsfr15                                           sfr15        00000
__Lsfr16                                           sfr16        00000
__Lsfr17                                           sfr17        00000
__Lsfr18                                           sfr18        00000
__Lsfr19                                           sfr19        00000
__Lsfr2                                            sfr2         00000
__Lsfr20                                           sfr20        00000
__Lsfr21                                           sfr21        00000
__Lsfr22                                           sfr22        00000
__Lsfr23                                           sfr23        00000
__Lsfr24                                           sfr24        00000
__Lsfr25                                           sfr25        00000
__Lsfr26                                           sfr26        00000
__Lsfr27                                           sfr27        00000
__Lsfr28                                           sfr28        00000
__Lsfr29                                           sfr29        00000
__Lsfr3                                            sfr3         00000
__Lsfr30                                           sfr30        00000
__Lsfr31                                           sfr31        00000
__Lsfr4                                            sfr4         00000
__Lsfr5                                            sfr5         00000
__Lsfr6                                            sfr6         00000
__Lsfr7                                            sfr7         00000
__Lsfr8                                            sfr8         00000
__Lsfr9                                            sfr9         00000
__Lspace_0                                         (abs)        00000
__Lspace_1                                         (abs)        00000
__Lspace_2                                         (abs)        00000
__Lspace_3                                         (abs)        00000
__Lstack                                           stack        00000
__Lstrings                                         strings      00000
__Lstringtext1                                     stringtext1  00000
__Lstringtext10                                    stringtext10 00000
__Lstringtext11                                    stringtext11 00000
__Lstringtext12                                    stringtext12 00000
__Lstringtext13                                    stringtext13 00000
__Lstringtext14                                    stringtext14 00000
__Lstringtext15                                    stringtext15 00000
__Lstringtext16                                    stringtext16 00000
__Lstringtext17                                    stringtext17 00000
__Lstringtext18                                    stringtext18 00000
__Lstringtext19                                    stringtext19 00000
__Lstringtext2                                     stringtext2  00000
__Lstringtext20                                    stringtext20 00000
__Lstringtext21                                    stringtext21 00000
__Lstringtext22                                    stringtext22 00000
__Lstringtext23                                    stringtext23 00000
__Lstringtext24                                    stringtext24 00000
__Lstringtext25                                    stringtext25 00000
__Lstringtext26                                    stringtext26 00000
__Lstringtext27                                    stringtext27 00000
__Lstringtext28                                    stringtext28 00000
__Lstringtext29                                    stringtext29 00000
__Lstringtext3                                     stringtext3  00000
__Lstringtext30                                    stringtext30 00000
__Lstringtext31                                    stringtext31 00000
__Lstringtext32                                    stringtext32 00000
__Lstringtext33                                    stringtext33 00000
__Lstringtext34                                    stringtext34 00000
__Lstringtext4                                     stringtext4  00000
__Lstringtext5                                     stringtext5  00000
__Lstringtext6                                     stringtext6  00000
__Lstringtext7                                     stringtext7  00000
__Lstringtext8                                     stringtext8  00000
__Lstringtext9                                     stringtext9  00000
__Ltext                                            text         00000
__S0                                               (abs)        0800B
__S1                                               (abs)        0007E
__S2                                               (abs)        00000
__S3                                               (abs)        00000
___int_sp                                          stack        00000
___latbits                                         (abs)        00002
___sp                                              stack        00000
__end_of__initialization                           cinit        007FD
__end_of_init_spi                                  text6        006F1
__end_of_main                                      maintext     007FA
__end_of_read_fw_response                          text1        0071D
__end_of_read_spi_buffer                           text3        006A9
__end_of_wait_for_cts                              text2        006BD
__end_of_write_spi_buffer                          text5        0069A
__end_of_write_spi_fw_cmd                          text4        006D5
__end_ofmain@rf_freq_control_inte_8                stringtext17 00914
__end_ofmain@rf_frr_ctl_a_mode_4                   stringtext23 00949
__end_ofmain@rf_global_config_1                    stringtext34 0098A
__end_ofmain@rf_global_xo_tune_2                   stringtext29 00971
__end_ofmain@rf_gpio_pin_cfg                       stringtext24 00951
__end_ofmain@rf_int_ctl_enable_1                   stringtext33 00985
__end_ofmain@rf_match_value_1_12                   stringtext2  0082F
__end_ofmain@rf_modem_afc_limiter_1_3              stringtext25 00958
__end_ofmain@rf_modem_agc_control_1                stringtext31 0097B
__end_ofmain@rf_modem_agc_window_size_12           stringtext6  0086F
__end_ofmain@rf_modem_bcr_nco_offset_2_12          stringtext7  0087F
__end_ofmain@rf_modem_chflt_rx1_chflt_coe13_7_0_12 stringtext5  0085F
__end_ofmain@rf_modem_chflt_rx1_chflt_coe1_7_0_12  stringtext4  0084F
__end_ofmain@rf_modem_chflt_rx2_chflt_coe7_7_0_12  stringtext3  0083F
__end_ofmain@rf_modem_dsa_ctrl1_5                  stringtext19 00928
__end_ofmain@rf_modem_freq_dev_0_1                 stringtext32 00980
__end_ofmain@rf_modem_mod_type_12                  stringtext9  0089F
__end_ofmain@rf_modem_raw_control_10               stringtext14 008ED
__end_ofmain@rf_modem_raw_search2_2                stringtext28 0096B
__end_ofmain@rf_modem_rssi_mute_1                  stringtext30 00976
__end_ofmain@rf_modem_spike_det_2                  stringtext27 00965
__end_ofmain@rf_modem_tx_ramp_delay_12             stringtext8  0088F
__end_ofmain@rf_pa_mode_4                          stringtext21 00939
__end_ofmain@rf_pkt_crc_config_12                  stringtext13 008DF
__end_ofmain@rf_pkt_crc_seed_31_24_4               stringtext22 00941
__end_ofmain@rf_pkt_field_3_crc_config_12          stringtext11 008BF
__end_ofmain@rf_pkt_rx_field_1_crc_config_12       stringtext10 008AF
__end_ofmain@rf_pkt_rx_field_4_crc_config_5        stringtext20 00931
__end_ofmain@rf_pkt_rx_threshold_12                stringtext12 008CF
__end_ofmain@rf_power_up                           stringtext26 0095F
__end_ofmain@rf_preamble_tx_length_9               stringtext16 00908
__end_ofmain@rf_set_properties                     stringtext1  0081F
__end_ofmain@rf_sync_config_10                     stringtext15 008FB
__end_ofmain@rf_synth_pfdcp_cpff_7                 stringtext18 0091F
__initialization                                   cinit        007FA
__pcstackBANK0                                     cstackBANK0  00020
__pcstackCOMMON                                    cstackCOMMON 00070
__pdataCOMMON                                      dataCOMMON   0007D
__pidataCOMMON                                     idataCOMMON  00690
__pmaintext                                        maintext     0071D
__pstringtext1                                     stringtext1  00800
__pstringtext10                                    stringtext10 0089F
__pstringtext11                                    stringtext11 008AF
__pstringtext12                                    stringtext12 008BF
__pstringtext13                                    stringtext13 008CF
__pstringtext14                                    stringtext14 008DF
__pstringtext15                                    stringtext15 008ED
__pstringtext16                                    stringtext16 008FB
__pstringtext17                                    stringtext17 00908
__pstringtext18                                    stringtext18 00914
__pstringtext19                                    stringtext19 0091F
__pstringtext2                                     stringtext2  0081F
__pstringtext20                                    stringtext20 00928
__pstringtext21                                    stringtext21 00931
__pstringtext22                                    stringtext22 00939
__pstringtext23                                    stringtext23 00941
__pstringtext24                                    stringtext24 00949
__pstringtext25                                    stringtext25 00951
__pstringtext26                                    stringtext26 00958
__pstringtext27                                    stringtext27 0095F
__pstringtext28                                    stringtext28 00965
__pstringtext29                                    stringtext29 0096B
__pstringtext3                                     stringtext3  0082F
__pstringtext30                                    stringtext30 00971
__pstringtext31                                    stringtext31 00976
__pstringtext32                                    stringtext32 0097B
__pstringtext33                                    stringtext33 00980
__pstringtext34                                    stringtext34 00985
__pstringtext4                                     stringtext4  0083F
__pstringtext5                                     stringtext5  0084F
__pstringtext6                                     stringtext6  0085F
__pstringtext7                                     stringtext7  0086F
__pstringtext8                                     stringtext8  0087F
__pstringtext9                                     stringtext9  0088F
__ptext1                                           text1        006F1
__ptext2                                           text2        006A9
__ptext3                                           text3        0069A
__ptext4                                           text4        006BD
__ptext5                                           text5        00691
__ptext6                                           text6        006D5
__size_of_init_spi                                 (abs)        00000
__size_of_main                                     (abs)        00000
__size_of_read_fw_response                         (abs)        00000
__size_of_read_spi_buffer                          (abs)        00000
__size_of_wait_for_cts                             (abs)        00000
__size_of_write_spi_buffer                         (abs)        00000
__size_of_write_spi_fw_cmd                         (abs)        00000
_dummy                                             dataCOMMON   0007D
_init_spi                                          text6        006D5
_main                                              maintext     0071D
_read_fw_response                                  text1        006F1
_read_spi_buffer                                   text3        0069A
_wait_for_cts                                      text2        006A9
_write_spi_buffer                                  text5        00691
_write_spi_fw_cmd                                  text4        006BD
btemp                                              (abs)        0007E
end_of_initialization                              cinit        007FD
init_spi@clk_cfg                                   cstackCOMMON 00071
init_spi@clk_idle_cfg                              cstackCOMMON 00073
init_spi@spi_clk_edge                              cstackCOMMON 00070
init_spi@spi_mode                                  cstackCOMMON 00076
init_spi@sspen                                     cstackCOMMON 00074
intlevel0                                          functab      00000
intlevel1                                          functab      00000
intlevel2                                          functab      00000
intlevel3                                          functab      00000
intlevel4                                          functab      00000
intlevel5                                          functab      00000
main@GPIO_1_unreliable                             cstackBANK0  0003D
main@SPI_CTS_unreliable                            cstackBANK0  0003A
main@cts_ready                                     cstackBANK0  0003B
main@delay                                         cstackBANK0  00037
main@glbl_reset                                    cstackBANK0  0003C
main@i                                             cstackBANK0  0003F
main@nIRQ_unreliable                               cstackBANK0  0003E
main@rf_gpio_pin_cfg                               stringtext24 00949
main@rf_power_up                                   stringtext26 00958
main@rf_set_properties                             stringtext1  00800
main@timeout                                       cstackBANK0  00039
main@timeout_cnter                                 cstackBANK0  00035
read_fw_response@cts_ready                         cstackBANK0  00030
read_fw_response@i                                 cstackBANK0  00031
read_fw_response@num_bytes                         cstackCOMMON 0007A
read_fw_response@resp                              cstackBANK0  00020
reset_vec                                          reset_vec    00000
stackhi                                            (abs)        023EF
stacklo                                            (abs)        02021
start                                              init         00002
start_initialization                               cinit        007FA
wait_for_cts@cts                                   cstackCOMMON 00079
wait_for_cts@read_cmd_buff                         cstackCOMMON 00078
write_spi_buffer@data                              cstackCOMMON 00070
write_spi_fw_cmd@dat                               cstackCOMMON 00071
write_spi_fw_cmd@i                                 cstackCOMMON 00073
wtemp0                                             (abs)        0007E


FUNCTION INFORMATION:

 *************** function _main *****************
 Defined at:
		line 29 in file "main.c"
 Parameters:    Size  Location     Type
		None
 Auto vars:     Size  Location     Type
  cts_ready       1   27[BANK0 ] unsigned char 
  i               2   31[BANK0 ] int 
  delay           2   23[BANK0 ] int 
  timeout_cnte    2   21[BANK0 ] int 
  nIRQ_unrelia    1   30[BANK0 ] unsigned char 
  GPIO_1_unrel    1   29[BANK0 ] unsigned char 
  glbl_reset      1   28[BANK0 ] unsigned char 
  SPI_CTS_unre    1   26[BANK0 ] unsigned char 
  timeout         1   25[BANK0 ] unsigned char 
 Return value:  Size  Location     Type
                  1    wreg      void 
 Registers used:
		wreg, fsr0l, fsr0h, fsr1l, fsr1h, status,2, status,0, pclath, cstack
 Tracked objects:
		On entry : 
		On exit  : 
		Unchanged: 
 Data sizes:     COMMON   BANK0   BANK1   BANK2   BANK3   BANK4   BANK5   BANK6   BANK7   BANK8   BANK9  BANK10  BANK11  BANK12
      Params:         0       0       0       0       0       0       0       0       0       0       0       0       0       0
      Locals:         0      12       0       0       0       0       0       0       0       0       0       0       0       0
      Temps:          0       2       0       0       0       0       0       0       0       0       0       0       0       0
      Totals:         0      14       0       0       0       0       0       0       0       0       0       0       0       0
Total ram usage:       14 bytes
 Hardware stack levels required when called:    5
 This function calls:
		_init_spi
		_read_fw_response
		_read_spi_buffer
		_wait_for_cts
		_write_spi_buffer
		_write_spi_fw_cmd
 This function is called by:
		Startup code after reset
 This function uses a non-reentrant model


 *************** function _read_fw_response *****************
 Defined at:
		line 89 in file "spi_setup.c"
 Parameters:    Size  Location     Type
  num_bytes       2   10[COMMON] int 
 Auto vars:     Size  Location     Type
  i               2   17[BANK0 ] int 
  resp           16    0[BANK0 ] unsigned char [16]
  cts_ready       1   16[BANK0 ] unsigned char 
 Return value:  Size  Location     Type
                  2   10[COMMON] PTR unsigned char 
 Registers used:
		wreg, fsr0l, fsr0h, fsr1l, fsr1h, status,2, status,0, pclath, cstack
 Tracked objects:
		On entry : 
		On exit  : 
		Unchanged: 
 Data sizes:     COMMON   BANK0   BANK1   BANK2   BANK3   BANK4   BANK5   BANK6   BANK7   BANK8   BANK9  BANK10  BANK11  BANK12
      Params:         2       0       0       0       0       0       0       0       0       0       0       0       0       0
      Locals:         0      19       0       0       0       0       0       0       0       0       0       0       0       0
      Temps:          1       0       0       0       0       0       0       0       0       0       0       0       0       0
      Totals:         3      19       0       0       0       0       0       0       0       0       0       0       0       0
Total ram usage:       22 bytes
 Hardware stack levels used:    1
 Hardware stack levels required when called:    4
 This function calls:
		_read_spi_buffer
		_wait_for_cts
		_write_spi_buffer
 This function is called by:
		_main
 This function uses a non-reentrant model


 *************** function _wait_for_cts *****************
 Defined at:
		line 73 in file "spi_setup.c"
 Parameters:    Size  Location     Type
		None
 Auto vars:     Size  Location     Type
  cts             1    9[COMMON] unsigned char 
  read_cmd_buf    1    8[COMMON] unsigned char 
 Return value:  Size  Location     Type
                  1    wreg      unsigned char 
 Registers used:
		wreg, fsr0l, fsr0h, status,2, status,0, pclath, cstack
 Tracked objects:
		On entry : 
		On exit  : 
		Unchanged: 
 Data sizes:     COMMON   BANK0   BANK1   BANK2   BANK3   BANK4   BANK5   BANK6   BANK7   BANK8   BANK9  BANK10  BANK11  BANK12
      Params:         0       0       0       0       0       0       0       0       0       0       0       0       0       0
      Locals:         2       0       0       0       0       0       0       0       0       0       0       0       0       0
      Temps:          1       0       0       0       0       0       0       0       0       0       0       0       0       0
      Totals:         3       0       0       0       0       0       0       0       0       0       0       0       0       0
Total ram usage:        3 bytes
 Hardware stack levels used:    1
 Hardware stack levels required when called:    3
 This function calls:
		_read_spi_buffer
		_write_spi_buffer
 This function is called by:
		_read_fw_response
		_main
 This function uses a non-reentrant model


 *************** function _read_spi_buffer *****************
 Defined at:
		line 55 in file "spi_setup.c"
 Parameters:    Size  Location     Type
		None
 Auto vars:     Size  Location     Type
		None
 Return value:  Size  Location     Type
                  1    wreg      unsigned char 
 Registers used:
		wreg, fsr0l, fsr0h, status,2, status,0, pclath, cstack
 Tracked objects:
		On entry : 
		On exit  : 
		Unchanged: 
 Data sizes:     COMMON   BANK0   BANK1   BANK2   BANK3   BANK4   BANK5   BANK6   BANK7   BANK8   BANK9  BANK10  BANK11  BANK12
      Params:         0       0       0       0       0       0       0       0       0       0       0       0       0       0
      Locals:         0       0       0       0       0       0       0       0       0       0       0       0       0       0
      Temps:          2       0       0       0       0       0       0       0       0       0       0       0       0       0
      Totals:         2       0       0       0       0       0       0       0       0       0       0       0       0       0
Total ram usage:        2 bytes
 Hardware stack levels used:    1
 Hardware stack levels required when called:    2
 This function calls:
		_write_spi_fw_cmd
 This function is called by:
		_wait_for_cts
		_read_fw_response
		_main
 This function uses a non-reentrant model


 *************** function _write_spi_fw_cmd *****************
 Defined at:
		line 47 in file "spi_setup.c"
 Parameters:    Size  Location     Type
  dat             2    1[COMMON] PTR unsigned char 
		 -> main@rf_gpio_pin_cfg(8), RAM(4096), main@rf_power_up(7), RAM(4096), 
 Auto vars:     Size  Location     Type
  i               2    3[COMMON] int 
 Return value:  Size  Location     Type
                  1    wreg      void 
 Registers used:
		wreg, fsr0l, fsr0h, status,2, status,0, pclath, cstack
 Tracked objects:
		On entry : 
		On exit  : 
		Unchanged: 
 Data sizes:     COMMON   BANK0   BANK1   BANK2   BANK3   BANK4   BANK5   BANK6   BANK7   BANK8   BANK9  BANK10  BANK11  BANK12
      Params:         2       0       0       0       0       0       0       0       0       0       0       0       0       0
      Locals:         2       0       0       0       0       0       0       0       0       0       0       0       0       0
      Temps:          0       0       0       0       0       0       0       0       0       0       0       0       0       0
      Totals:         4       0       0       0       0       0       0       0       0       0       0       0       0       0
Total ram usage:        4 bytes
 Hardware stack levels used:    1
 Hardware stack levels required when called:    1
 This function calls:
		_write_spi_buffer
 This function is called by:
		_read_spi_buffer
		_main
 This function uses a non-reentrant model


 *************** function _write_spi_buffer *****************
 Defined at:
		line 37 in file "spi_setup.c"
 Parameters:    Size  Location     Type
  data            1    wreg     unsigned char 
 Auto vars:     Size  Location     Type
  data            1    0[COMMON] unsigned char 
 Return value:  Size  Location     Type
                  1    wreg      unsigned char 
 Registers used:
		wreg
 Tracked objects:
		On entry : 
		On exit  : 
		Unchanged: 
 Data sizes:     COMMON   BANK0   BANK1   BANK2   BANK3   BANK4   BANK5   BANK6   BANK7   BANK8   BANK9  BANK10  BANK11  BANK12
      Params:         0       0       0       0       0       0       0       0       0       0       0       0       0       0
      Locals:         1       0       0       0       0       0       0       0       0       0       0       0       0       0
      Temps:          0       0       0       0       0       0       0       0       0       0       0       0       0       0
      Totals:         1       0       0       0       0       0       0       0       0       0       0       0       0       0
Total ram usage:        1 bytes
 Hardware stack levels used:    1
 This function calls:
		Nothing
 This function is called by:
		_write_spi_fw_cmd
		_wait_for_cts
		_read_fw_response
		_main
 This function uses a non-reentrant model


 *************** function _init_spi *****************
 Defined at:
		line 23 in file "spi_setup.c"
 Parameters:    Size  Location     Type
  spi_mode        1    wreg     enum E7811
  spi_clk_edge    1    0[COMMON] enum E7815
  clk_cfg         2    1[COMMON] enum E7819
  clk_idle_cfg    1    3[COMMON] enum E7828
  sspen           2    4[COMMON] int 
 Auto vars:     Size  Location     Type
  spi_mode        1    6[COMMON] enum E7811
 Return value:  Size  Location     Type
                  1    wreg      void 
 Registers used:
		wreg, status,2, status,0
 Tracked objects:
		On entry : 
		On exit  : 
		Unchanged: 
 Data sizes:     COMMON   BANK0   BANK1   BANK2   BANK3   BANK4   BANK5   BANK6   BANK7   BANK8   BANK9  BANK10  BANK11  BANK12
      Params:         6       0       0       0       0       0       0       0       0       0       0       0       0       0
      Locals:         1       0       0       0       0       0       0       0       0       0       0       0       0       0
      Temps:          0       0       0       0       0       0       0       0       0       0       0       0       0       0
      Totals:         7       0       0       0       0       0       0       0       0       0       0       0       0       0
Total ram usage:        7 bytes
 Hardware stack levels used:    1
 This function calls:
		Nothing
 This function is called by:
		_main
 This function uses a non-reentrant model



MODULE INFORMATION

Module		Function		Class		Link	Load	Size
shared
		main@rf_freq_control_inte_8		STRCODE        	0000	0000	0
		main@rf_modem_chflt_rx1_chflt_coe1_7_0_12		STRCODE        	0000	0000	0
		main@rf_preamble_tx_length_9		STRCODE        	0000	0000	0
		main@rf_modem_freq_dev_0_1		STRCODE        	0000	0000	0
		main@rf_match_value_1_12		STRCODE        	0000	0000	0
		main@rf_pkt_rx_threshold_12		STRCODE        	0000	0000	0
		main@rf_pkt_field_3_crc_config_12		STRCODE        	0000	0000	0
		main@rf_pkt_rx_field_1_crc_config_12		STRCODE        	0000	0000	0
		main@rf_modem_raw_search2_2		STRCODE        	0000	0000	0
		main@rf_power_up		STRCODE        	0958	0000	8
		main@rf_int_ctl_enable_1		STRCODE        	0000	0000	0
		main@rf_frr_ctl_a_mode_4		STRCODE        	0000	0000	0
		main@rf_global_xo_tune_2		STRCODE        	0000	0000	0
		main@rf_modem_bcr_nco_offset_2_12		STRCODE        	0000	0000	0
		main@rf_synth_pfdcp_cpff_7		STRCODE        	0000	0000	0
		main@rf_modem_chflt_rx2_chflt_coe7_7_0_12		STRCODE        	0000	0000	0
		__initialization		CODE           	07FA	0000	4
		main@rf_gpio_pin_cfg		STRCODE        	0949	0000	9
		main@rf_modem_spike_det_2		STRCODE        	0000	0000	0
		main@rf_modem_afc_limiter_1_3		STRCODE        	0000	0000	0
		main@rf_pa_mode_4		STRCODE        	0000	0000	0
		main@rf_modem_dsa_ctrl1_5		STRCODE        	0000	0000	0
		main@rf_set_properties		STRCODE        	0800	0000	32
		main@rf_pkt_crc_seed_31_24_4		STRCODE        	0000	0000	0
		main@rf_modem_agc_control_1		STRCODE        	0000	0000	0
		main@rf_pkt_rx_field_4_crc_config_5		STRCODE        	0000	0000	0
		main@rf_sync_config_10		STRCODE        	0000	0000	0
		main@rf_modem_tx_ramp_delay_12		STRCODE        	0000	0000	0
		main@rf_global_config_1		STRCODE        	0000	0000	0
		main@rf_modem_raw_control_10		STRCODE        	0000	0000	0
		main@rf_pkt_crc_config_12		STRCODE        	0000	0000	0
		main@rf_modem_rssi_mute_1		STRCODE        	0000	0000	0
		main@rf_modem_agc_window_size_12		STRCODE        	0000	0000	0
		main@rf_modem_mod_type_12		STRCODE        	0000	0000	0
		main@rf_modem_chflt_rx1_chflt_coe13_7_0_12		STRCODE        	0000	0000	0

shared estimated size: 53

spi_setup.c
		_init_spi      		CODE           	06D5	0000	29
		_write_spi_fw_cmd		CODE           	06BD	0000	25
		_write_spi_buffer		CODE           	0691	0000	10
		_read_fw_response		CODE           	06F1	0000	45
		_read_spi_buffer		CODE           	069A	0000	16
		_wait_for_cts  		CODE           	06A9	0000	21

spi_setup.c estimated size: 146

main.c
		_main          		CODE           	071D	0000	222

main.c estimated size: 222

